// Jest Snapshot v1, https://goo.gl/fbAQLP

exports[`<Bills /> renders correctly 1`] = `
<View
  style={
    {
      "flex": 1,
    }
  }
>
  <View
    animatedStyle={
      {
        "value": {
          "opacity": 0,
          "top": 1334,
        },
      }
    }
    collapsable={false}
    handlerTag={1}
    handlerType="TapGestureHandler"
    onGestureHandlerEvent={[Function]}
    style={
      [
        {
          "backgroundColor": "transparent",
        },
        {
          "bottom": 0,
          "left": 0,
          "opacity": 0,
          "position": "absolute",
          "right": 0,
          "top": 1334,
          "zIndex": 0,
        },
      ]
    }
  >
    <ViewManagerAdapter_ExpoBlurView
      proxiedProperties={
        {
          "intensity": 0,
          "tint": "default",
        }
      }
      style={
        {
          "bottom": 0,
          "left": 0,
          "position": "absolute",
          "right": 0,
          "top": 0,
        }
      }
    />
    <View
      animatedStyle={
        {
          "value": {
            "backgroundColor": "rgba(0,0,0,0.75)",
          },
        }
      }
      collapsable={false}
      style={
        {
          "backgroundColor": "rgba(0,0,0,0.75)",
          "bottom": 0,
          "left": 0,
          "position": "absolute",
          "right": 0,
          "top": 0,
        }
      }
    />
  </View>
  <View
    animatedStyle={
      {
        "value": {
          "left": 0,
          "top": 8,
          "transform": [
            {
              "translateY": 0,
            },
          ],
          "width": 0,
        },
      }
    }
    collapsable={false}
    style={
      {
        "left": 0,
        "position": "absolute",
        "top": 8,
        "transform": [
          {
            "translateY": 0,
          },
        ],
        "width": 0,
        "zIndex": 10,
      }
    }
  >
    <View
      animatedStyle={
        {
          "value": {
            "height": -1,
            "left": -225,
            "opacity": 0,
            "transform": [
              {
                "translateX": 0,
              },
              {
                "translateY": 0.5,
              },
              {
                "scale": 0,
              },
              {
                "translateX": 0,
              },
              {
                "translateY": -0.5,
              },
            ],
          },
        }
      }
      collapsable={false}
      style={
        [
          {
            "backgroundColor": "transparent",
          },
          {
            "alignItems": "flex-start",
            "borderRadius": 12,
            "display": "flex",
            "flexDirection": "row",
            "height": -1,
            "justifyContent": "flex-start",
            "left": -225,
            "opacity": 0,
            "overflow": "hidden",
            "position": "absolute",
            "top": 0,
            "transform": [
              {
                "translateX": 0,
              },
              {
                "translateY": 0.5,
              },
              {
                "scale": 0,
              },
              {
                "translateX": 0,
              },
              {
                "translateY": -0.5,
              },
            ],
            "width": 450,
            "zIndex": 15,
          },
        ]
      }
    >
      <ViewManagerAdapter_ExpoBlurView
        proxiedProperties={
          {
            "intensity": 100,
            "tint": "dark",
          }
        }
        style={
          {
            "bottom": 0,
            "left": 0,
            "position": "absolute",
            "right": 0,
            "top": 0,
          }
        }
      />
      <View
        animatedStyle={
          {
            "value": {
              "backgroundColor": "rgba(0,0,0,0.5)",
            },
          }
        }
        collapsable={false}
        style={
          {
            "alignItems": "center",
            "backgroundColor": "rgba(0,0,0,0.5)",
            "bottom": 0,
            "display": "flex",
            "flexDirection": "column",
            "justifyContent": "flex-start",
            "left": 0,
            "position": "absolute",
            "right": 0,
            "top": 0,
          }
        }
      />
    </View>
  </View>
</View>
`;
